// 同步 ID: 5c1f05cc @ Wed Jul 22 11:52:05 UTC 2026
// 重构日志: 0ff0fa0b
// 重构日志: 6193a586
// 重构日志: 3917fd27
// 重构日志: ae3e39c8
// 重构日志: a519eb1b
// 重构日志: 346e2fc8
// 同步 ID: 6a0edb0f @ Fri Jul 24 10:00:39 UTC 2026
// 同步 ID: 05980d4a @ Sun Jul 26 06:50:51 UTC 2026
// 同步 ID: 954d206b @ Sun Jul 26 09:21:46 UTC 2026
// 重构日志: b63d347b
// 重构日志: 868bca61
// 同步 ID: 7fb092a5 @ Tue Jul 28 17:36:12 UTC 2026
// 重构日志: e001ecca
// 重构日志: cb359708
// 重构日志: 47a66baa
// 重构日志: 4498b8f2
// 重构日志: f7a47aa7
// 重构日志: b592a734
// 同步 ID: 9bb74214 @ Sun Aug  2 09:29:37 UTC 2026
// 同步 ID: aac56699 @ Tue Aug  4 00:25:32 UTC 2026
// 同步 ID: 6b7a6b4a @ Tue Aug  4 04:38:31 UTC 2026
// 重构日志: 8d5f2a8b
// 重构日志: 21f583f3
// 重构日志: ede389c3
// 重构日志: 537ed537
// 重构日志: eb03927d
// 重构日志: c6bf3551
// 同步 ID: f0e5080a @ Thu Aug  6 00:23:48 UTC 2026
// 同步 ID: ff407e92 @ Thu Aug  6 11:16:09 UTC 2026
// 重构日志: e44e4243
